
02:55:18.424 > Initializing Commishes Control Center...
02:55:18.436 > IPC handlers registered
02:55:18.508 > Tray created
02:55:18.509 > Initialization complete
02:55:19.174 > BOT Chrome already running { pid: 48476, port: 9223 }
02:55:19.214 > Connecting to BOT Chrome via CDP...
02:55:19.421 > Found existing Commishes tab
02:55:49.232 > BOT Chrome already running { pid: 48476, port: 9223 }
02:55:49.236 > Connecting to BOT Chrome via CDP...
02:55:49.391 > Found existing Commishes tab
02:56:19.225 > BOT Chrome already running { pid: 48476, port: 9223 }
02:56:19.228 > Connecting to BOT Chrome via CDP...
02:56:19.393 > Found existing Commishes tab
02:56:49.300 > BOT Chrome already running { pid: 48476, port: 9223 }
02:56:49.302 > Connecting to BOT Chrome via CDP...
02:56:49.422 > Found existing Commishes tab
02:57:19.216 > BOT Chrome already running { pid: 48476, port: 9223 }
02:57:19.219 > Connecting to BOT Chrome via CDP...
02:57:19.335 > Found existing Commishes tab
02:57:49.236 > BOT Chrome already running { pid: 48476, port: 9223 }
02:57:49.238 > Connecting to BOT Chrome via CDP...
02:57:49.383 > Found existing Commishes tab
02:58:19.202 > BOT Chrome already running { pid: 48476, port: 9223 }
02:58:19.204 > Connecting to BOT Chrome via CDP...
02:58:19.345 > Found existing Commishes tab
02:58:49.211 > BOT Chrome already running { pid: 48476, port: 9223 }
02:58:49.212 > Connecting to BOT Chrome via CDP...
02:58:49.363 > Found existing Commishes tab
02:59:19.202 > BOT Chrome already running { pid: 48476, port: 9223 }
02:59:19.205 > Connecting to BOT Chrome via CDP...
02:59:19.365 > Found existing Commishes tab
